// Jest Snapshot v1, https://goo.gl/fbAQLP

exports[` 1`] = `undefined`;

exports[`Reply component should show the placeholder image if no author profile image 1`] = `
<Columns
  style={
    Object {
      "borderBottomColor": "#7D7D7D",
      "borderBottomWidth": 0.5,
      "marginTop": 10,
      "padding": 10,
    }
  }
>
  <Row
    style={
      Object {
        "width": "100%",
      }
    }
  >
    <ProfileImageThumb
      profileImage={null}
      style={
        Object {
          "marginRight": 10,
        }
      }
    />
    <Component
      style={
        Object {
          "flex": 1,
        }
      }
    >
      <Text
        accessible={true}
        allowFontScaling={true}
        ellipsizeMode="tail"
        style={
          Object {
            "fontWeight": "bold",
          }
        }
        testID="authorText"
      >
        jahangirwifii
         
      </Text>
      <Text
        accessible={true}
        allowFontScaling={true}
        ellipsizeMode="tail"
        style={
          Object {
            "fontWeight": "normal",
          }
        }
        testID="replyMessageText"
      >
        @tipu need again 2.5...
      </Text>
    </Component>
    <Icon
      allowFontScaling={false}
      color="#4F4F4F"
      name="heart-o"
      size={24}
      style={
        Object {
          "marginLeft": 10,
        }
      }
    />
  </Row>
  <Row
    style={
      Object {
        "marginTop": 10,
      }
    }
  >
    <Component
      style={
        Object {
          "flex": 1,
        }
      }
    >
      <Text
        accessible={true}
        allowFontScaling={true}
        ellipsizeMode="tail"
      >
        2 weeks ago
      </Text>
    </Component>
    <Component
      style={
        Array [
          Object {
            "flex": 1,
          },
          Object {
            "alignItems": "center",
          },
        ]
      }
    >
      <Text
        accessible={true}
        allowFontScaling={true}
        ellipsizeMode="tail"
        testID="replyValueText"
      >
        $123.45
      </Text>
    </Component>
    <Component
      style={
        Array [
          Object {
            "flex": 1,
          },
          Object {
            "alignItems": "flex-end",
          },
        ]
      }
    >
      <Row
        style={Object {}}
      >
        <Text
          accessible={true}
          allowFontScaling={true}
          ellipsizeMode="tail"
          testID="replyVoteCount"
        >
          0
           likes
        </Text>
        <Icon
          allowFontScaling={false}
          color="#4F4F4F"
          name="reply"
          size={24}
          style={
            Object {
              "marginLeft": 10,
            }
          }
        />
      </Row>
    </Component>
  </Row>
</Columns>
`;
