// Jest Snapshot v1, https://goo.gl/fbAQLP

exports[`constants should be available 1`] = `
Object {
  "default": Object {},
}
`;
