// Jest Snapshot v1, https://goo.gl/fbAQLP

exports[`Loading component should render with no styles 1`] = `
<Component
  style={
    Object {
      "alignItems": "center",
      "flex": 1,
      "justifyContent": "center",
    }
  }
>
  <Row
    style={Object {}}
  >
    <Text
      accessible={true}
      allowFontScaling={true}
      ellipsizeMode="tail"
    >
      Loading posts
    </Text>
    <ActivityIndicator
      animating={true}
      color="#999999"
      hidesWhenStopped={true}
      size="small"
      style={
        Object {
          "marginLeft": 10,
        }
      }
    />
  </Row>
</Component>
`;
