// Jest Snapshot v1, https://goo.gl/fbAQLP

exports[`constants should be available 1`] = `
Object {
  "ICON_BUTTON_SIZE": 24,
}
`;
